// Jest Snapshot v1, https://goo.gl/fbAQLP

exports[`NavItem components should render correctly 1`] = `
<div>
  <button
    class="chakra-button css-e3tkjo"
    type="button"
  >
    teste
  </button>
</div>
`;
